// Jest Snapshot v1, https://goo.gl/fbAQLP

exports[`List component Renders without errors and matches snapshot 1`] = `
<List>
  <div>
    Listy list
  </div>
</List>
`;
